// Jest Snapshot v1, https://goo.gl/fbAQLP

exports[`should render LabMetDash correctly 1`] = `
<div>
  <Connect(LabMetSearch) />
  <Connect(LabMetCategory) />
  <Connect(LabMetList) />
</div>
`;
